[infiserum.wixsite.com/lynx.html]
[static.parastorage.com/unpkg/core-js-bundle@3.2.1/minified.js]
[static.parastorage.com/unpkg/focus-within-polyfill@5.0.9/dist/focus-within-polyfill.js]
[backblue.gif]
[fade.gif]
[index.html]
[polyfill.io/v3/polyfill.mind82c.js]
[browser.sentry-cdn.com/6.18.2/bundle.min.js]
[infiserum.wixsite.com/decodeURIComponent(e]
[infiserum.wixsite.com/sitemap.xml]
[infiserum.wixsite.com/feed.xml]
[static.parastorage.com/services/wix-thunderbolt/dist/bootstrap-features.84152249.bundle.min.js]
[static.parastorage.com/services/wix-thunderbolt/dist/main.b6acf567.bundle.min.js]
[static.parastorage.com/unpkg/lodash@4.17.21/lodash.min.js]
[static.parastorage.com/unpkg/react@16.13.1/umd/react.production.min.js]
[static.parastorage.com/services/tag-manager-client/1.427.0/siteTags.bundle.min.js]
[static.parastorage.com/services/wix-perf-measure/1.834.0/wix-perf-measure.bundle.min.js]
[static.parastorage.com/unpkg/react-dom@16.13.1/umd/react-dom.production.min.js]
[infiserum.wixsite.com/da6c52cb.min.css]
[infiserum.wixsite.com/index.html]
[infiserum.wixsite.com/version/index.html]
[infiserum.wixsite.com/b604fd33.min.css]
[infiserum.wixsite.com/ffcbad4e.min.css]
[infiserum.wixsite.com/b3e8ff7e.min.css]
[infiserum.wixsite.com/34b72cf9.min.css]
[infiserum.wixsite.com/534cc6f7.chunk.min.js]
[infiserum.wixsite.com/rb_wixui.thunderbolt_bootstrap-classic.2f3900b1.chunk.min.js]
[infiserum.wixsite.com/rb_wixui.thunderbolt_bootstrap.c6cf2eb1.chunk.min.css]
[infiserum.wixsite.com/rb_wixui.thunderbolt_bootstrap.534cc6f7.chunk.min.js]
[static.wixstatic.com/media/0a814f_5e0031e1827a437aaa9d04df2688854c_mv2.png/v1/fill/w_197,h_197,al_c,q_85,usm_0.66_1.00_0.01,blur_1,enc_auto/0a814f_5e0031e1827a437aaa9d04df2688854c_mv2.png]
[static.wixstatic.com/media/0a814f_99532de147924c4481a231870a15b376_mv2.jpg/v1/fill/w_200,h_200,al_c,q_80,usm_0.66_1.00_0.01,blur_1,enc_auto/0a814f_99532de147924c4481a231870a15b376_mv2.jpg]
[static.wixstatic.com/media/0a814f_1cb165a0377445329b0eecfc7f9479b7_mv2.png/v1/fill/w_500,h_500,al_c,q_85,enc_auto/Untitled_design-removebg-preview_edited_.png]
[static.wixstatic.com/media/0a814f_f7f9d45857f449669e4e1703a30d1e5d_mv2.png/v1/fill/w_142,h_142,al_c,q_85,usm_0.66_1.00_0.01,blur_2,enc_auto/_-removebg-preview_edited.png]
[static.wixstatic.com/media/0a814f_0eaf6eb665324cf78d772c95f8b93b5f_mv2.png/v1/fill/w_113,h_113,al_c,q_85,usm_0.66_1.00_0.01,blur_2,enc_auto/Untitled_design__1_-removebg-preview_edi.png]
[static.wixstatic.com/media/0a814f_fb78248c572642168296b7dd16b94268_mv2.png/v1/fill/w_104,h_104,al_c,q_85,usm_0.66_1.00_0.01,blur_2,enc_auto/___1_-removebg-preview_edited.png]
[infiserum.wixsite.com/lynx.html]
[infiserum.wixsite.com/decodeURIComponent(e.html]
[infiserum.wixsite.com/sitemap.html]
[infiserum.wixsite.com/feed.html]
[infiserum.wixsite.com/index.html]
[infiserum.wixsite.com/version/index.html]
[infiserum.wixsite.com/da6c52cb.min.html]
[infiserum.wixsite.com/b604fd33.min.html]
[infiserum.wixsite.com/ffcbad4e.min.html]
[infiserum.wixsite.com/b3e8ff7e.min.html]
[infiserum.wixsite.com/34b72cf9.min.html]
[infiserum.wixsite.com/534cc6f7.chunk.min.html]
[infiserum.wixsite.com/rb_wixui.thunderbolt_bootstrap-classic.2f3900b1.chunk.min.html]
[infiserum.wixsite.com/rb_wixui.thunderbolt_bootstrap.c6cf2eb1.chunk.min.html]
[infiserum.wixsite.com/rb_wixui.thunderbolt_bootstrap.534cc6f7.chunk.min.html]
[infiserum.wixsite.com/lynx/commands.html]
[infiserum.wixsite.com/lynx/decodeURIComponent(e]
[infiserum.wixsite.com/lynx/robots.txt]
[infiserum.wixsite.com/lynx/sitemap.xml]
[infiserum.wixsite.com/lynx/feed.xml]
[infiserum.wixsite.com/lynx/version/index.html]
[infiserum.wixsite.com/lynx/da6c52cb.min.23.delayed]
[infiserum.wixsite.com/lynx/b604fd33.min.css]
[infiserum.wixsite.com/lynx/ffcbad4e.min.css]
[infiserum.wixsite.com/lynx/b3e8ff7e.min.css]
[infiserum.wixsite.com/lynx/34b72cf9.min.css]
[infiserum.wixsite.com/lynx/534cc6f7.chunk.min.js]
[infiserum.wixsite.com/lynx/rb_wixui.thunderbolt_bootstrap-classic.2f3900b1.chunk.min.js]
[infiserum.wixsite.com/lynx/rb_wixui.thunderbolt_bootstrap.c6cf2eb1.chunk.min.css]
[infiserum.wixsite.com/lynx/rb_wixui.thunderbolt_bootstrap.534cc6f7.chunk.min.js]
[static.wixstatic.com/media/0a814f_22ed6280230241f8be4b03e4404d8ff3_mv2.png/v1/fill/w_97,h_98,al_c,q_85,usm_0.66_1.00_0.01,enc_auto/fa07a03386ec5f05671451271f4eeb7c-modified.png]
[static.wixstatic.com/media/0a814f_950db05e894f4e938075177ad5b8e274_mv2.png/v1/fill/w_82,h_90,al_c,q_85,usm_0.66_1.00_0.01,enc_auto/f7e568e31dd4a66150e9c5378a3922809d9c0a4c6db691cb2de30610b2dad200_1_jpg-modified.2c.d]
[static.wixstatic.com/media/0a814f_b79438c2e9ee4ecdadf4f7406958730d_mv2.png/v1/fill/w_200,h_200,al_c,q_85,usm_0.66_1.00_0.01,blur_2,enc_auto/Untitled_design-removebg-preview_edited_.png]
[static.wixstatic.com/media/0a814f_005f2c28d81b4ff2bd737f04af34bc4e_mv2.png/v1/fill/w_174,h_174,al_c,q_85,usm_0.66_1.00_0.01,enc_auto/00a053c1d812bd2d55fa74e955acd502.png]
[infiserum.wixsite.com/lynx/commands.html]
[infiserum.wixsite.com/lynx/decodeURIComponent(e.html]
[infiserum.wixsite.com/lynx/robots.html]
[infiserum.wixsite.com/lynx/feed.html]
[infiserum.wixsite.com/lynx/version/index.html]
[infiserum.wixsite.com/lynx/da6c52cb.min.html]
[infiserum.wixsite.com/lynx/b604fd33.min.html]
[infiserum.wixsite.com/lynx/ffcbad4e.min.html]
[infiserum.wixsite.com/lynx/b3e8ff7e.min.html]
[infiserum.wixsite.com/lynx/34b72cf9.min.html]
[infiserum.wixsite.com/lynx/534cc6f7.chunk.min.html]
[infiserum.wixsite.com/lynx/rb_wixui.thunderbolt_bootstrap-classic.2f3900b1.chunk.min.html]
[infiserum.wixsite.com/lynx/rb_wixui.thunderbolt_bootstrap.c6cf2eb1.chunk.min.html]
[infiserum.wixsite.com/lynx/rb_wixui.thunderbolt_bootstrap.534cc6f7.chunk.min.html]
